The default interactive shell is now zsh.To update your account to use zsh, please run `chsh -s /bin/zsh`.For more details, please visit https://support.apple.com/kb/HT208050.code128@Veriess-iMac (master *) learning_to_commit$ git initInitialized empty Git repository in /Volumes/CODINGDRV/CodingDojo/Web_Fundamentals_new/Git/learning_to_commit/.git/code128@Veriess-iMac (master #) learning_to_commit$ git commit -m "update html"On branch masterInitial commitUntracked files:  (use "git add <file>..." to include in what will be committed)        test/nothing added to commit but untracked files present (use "git add" to track)code128@Veriess-iMac (master #) learning_to_commit$ git commit -m"update css"On branch masterInitial commitUntracked files:  (use "git add <file>..." to include in what will be committed)        test/nothing added to commit but untracked files present (use "git add" to track)code128@Veriess-iMac (master #) learning_to_commit$ git logfatal: your current branch 'master' does not have any commits yetcode128@Veriess-iMac (master #) learning_to_commit$ git statusOn branch masterNo commits yetUntracked files:  (use "git add <file>..." to include in what will be committed)        test/nothing added to commit but untracked files present (use "git add" to track)code128@Veriess-iMac (master #) learning_to_commit$ git logfatal: your current branch 'master' does not have any commits yetcode128@Veriess-iMac (master #) learning_to_commit$ git commit -m "upadate css"On branch masterInitial commitUntracked files:  (use "git add <file>..." to include in what will be committed)        test/nothing added to commit but untracked files present (use "git add" to track)code128@Veriess-iMac (master #) learning_to_commit$ git add index.htmlfatal: pathspec 'index.html' did not match any filescode128@Veriess-iMac (master #) learning_to_commit$ git add .code128@Veriess-iMac (master +) learning_to_commit$ git commit -m "upadte html"[master (root-commit) b83d8fa] upadte html 2 files changed, 19 insertions(+) create mode 100644 test/index.html create mode 100644 test/styles.csscode128@Veriess-iMac (master) learning_to_commit$ git commit -m "upadte css"On branch masterChanges not staged for commit:  (use "git add <file>..." to update what will be committed)  (use "git restore <file>..." to discard changes in working directory)        modified:   test/styles.cssno changes added to commit (use "git add" and/or "git commit -a")code128@Veriess-iMac (master *) learning_to_commit$ git logcommit b83d8fa057c4fe09b46e6aa0a8bf5b3b35ed298d (HEAD -> master)Author: Veries Seals <veries@me.com>Date:   Thu Nov 26 13:16:23 2020 -0600    upadte htmlcode128@Veriess-iMac (master *) learning_to_commit$ get commit -m "update css"bash: get: command not foundcode128@Veriess-iMac (master *) learning_to_commit$ get commit -m"update css"bash: get: command not foundcode128@Veriess-iMac (master *) learning_to_commit$ git logcommit b83d8fa057c4fe09b46e6aa0a8bf5b3b35ed298d (HEAD -> master)Author: Veries Seals <veries@me.com>Date:   Thu Nov 26 13:16:23 2020 -0600    upadte htmlcode128@Veriess-iMac (master *) learning_to_commit$ git commit -m "update css"On branch masterChanges not staged for commit:  (use "git add <file>..." to update what will be committed)  (use "git restore <file>..." to discard changes in working directory)        modified:   test/index.html        modified:   test/styles.cssno changes added to commit (use "git add" and/or "git commit -a")code128@Veriess-iMac (master *) learning_to_commit$ git add .code128@Veriess-iMac (master +) learning_to_commit$ git commit -m "update css"[master 163a5c0] update css 2 files changed, 6 insertions(+), 1 deletion(-)code128@Veriess-iMac (master) learning_to_commit$ git logcommit 163a5c0919dcd0d6721758f57336a438acbd4add (HEAD -> master)commit 163a5c0919dcd0d6721758f57336a438acbd4add (HEAD -> master)Author: Veries Seals <veries@me.com>commit 163a5c0919dcd0d6721758f57336a438acbd4add (HEAD -> master)Author: Veries Seals <veries@me.com>commit 163a5c0919dcd0d6721758f57336a438acbd4add (HEAD -> master)Author: Veries Seals <veries@me.com>Date:   Thu Nov 26 13:22:07 2020 -0600    update csscommit b83d8fa057c4fe09b46e6aa0a8bf5b3b35ed298dAuthor: Veries Seals <veries@me.com>Date:   Thu Nov 26 13:16:23 2020 -0600    upadte html(END)$ git revert -nusage: git revert [<options>] <commit-ish>...   or: git revert <subcommand>    --quit                end revert or cherry-pick sequence    --continue            resume revert or cherry-pick sequence    --abort               cancel revert or cherry-pick sequence    --skip                skip current commit and continue    --cleanup <mode>      how to strip spaces and #comments from message    -n, --no-commit       don't automatically commit    -e, --edit            edit the commit message    -s, --signoff         add Signed-off-by:    -m, --mainline <parent-number>                          select mainline parent    --rerere-autoupdate   update the index with reused conflict resolution if possible    --strategy <strategy>                          merge strategy    -X, --strategy-option <option>                          option for merge strategy    -S, --gpg-sign[=<key-id>]                          GPG sign commitcode128@Veriess-iMac (master) learning_to_commit$